// Jest Snapshot v1, https://goo.gl/fbAQLP

exports[`UserList renders a snapshot properly 1`] = `
<div>
  <h1
    className="title is-1"
  >
    All Users
  </h1>
  <hr />
  <br />
  <h4
    className="box title is-4"
  >
    michael
  </h4>
  <h4
    className="box title is-4"
  >
    michaelherman
  </h4>
</div>
`;
